// Jest Snapshot v1, https://goo.gl/fbAQLP

exports[`Modal should render default 1`] = `
<div>
  <div
    class="lm-modal-mask lm-modal-mask-animation lm-modal-mask-hidden"
  >
    <div
      class="lm-modal-content lm-modal-content-animation lm-modal-content-hidden"
    />
  </div>
</div>
`;
